// Jest Snapshot v1, https://goo.gl/fbAQLP

exports[`<AttendancePage /> shoud match existing snapshot 1`] = `
<main
  className="main"
>
  <h1>
    <button
      id="btn-prev-month"
      onClick={[Function]}
    >
      &lt;
    </button>
    2018
     / 
    1
    <button
      id="btn-next-month"
      onClick={[Function]}
    >
      &gt;
    </button>
  </h1>
  <div>
    <div>
      <button
        id="btn-set-default"
        onClick={[Function]}
      >
        set default
      </button>
      <button
        id="btn-save"
        onClick={[Function]}
      >
        Save
      </button>
      <button
        id="btn-fetch"
        onClick={
          [MockFunction] {
            "calls": Array [
              Array [],
            ],
          }
        }
      >
        Reload
      </button>
    </div>
    <div>
      <div
        className="tms-select "
      >
        <select
          name=""
          onChange={[Function]}
          value="000001"
        >
          <option
            value="201108010001"
          >
            総務（営業）
          </option>
          <option
            value="201203010001"
          >
            社内教育（一般）
          </option>
        </select>
        <label />
      </div>
    </div>
    <table
      className="tms-table tms-table--bordered"
    >
      <thead>
        <tr>
          <th>
            日
          </th>
          <th>
            出勤
          </th>
          <th>
            退勤
          </th>
          <th>
            プロジェクト
          </th>
          <th>
            承認
          </th>
        </tr>
      </thead>
      <tbody>
        <tr
          className=""
        >
          <td
            className="attendance-holiday"
          >
            01
          </td>
          <td
            className="tms-textfield tms-textfield--table"
          >
            <input
              list="timelist-am"
              onChange={[Function]}
              type="time"
              value="09:00"
            />
          </td>
          <td
            className="tms-textfield tms-textfield--table"
          >
            <input
              list="timelist-pm"
              onChange={[Function]}
              type="time"
              value="17:30"
            />
          </td>
          <td>
            <div
              className="tms-select tms-select--table"
            >
              <select
                name=""
                onChange={[Function]}
                value="000001"
              >
                <option
                  value="201108010001"
                >
                  総務（営業）
                </option>
                <option
                  value="201203010001"
                >
                  社内教育（一般）
                </option>
              </select>
              <label />
            </div>
          </td>
          <td>
            承認
          </td>
        </tr>
      </tbody>
    </table>
  </div>
  <datalist
    id="timelist-am"
  >
    <option>
      09:00
    </option>
    <option>
      09:30
    </option>
    <option>
      10:00
    </option>
    <option>
      10:30
    </option>
  </datalist>
  <datalist
    id="timelist-pm"
  >
    <option>
      17:30
    </option>
    <option>
      18:00
    </option>
    <option>
      18:30
    </option>
    <option>
      19:00
    </option>
    <option>
      19:30
    </option>
    <option>
      19:30
    </option>
    <option>
      20:00
    </option>
    <option>
      20:30
    </option>
    <option>
      21:00
    </option>
    <option>
      21:30
    </option>
    <option>
      22:00
    </option>
    <option>
      22:30
    </option>
    <option>
      23:00
    </option>
    <option>
      23:30
    </option>
  </datalist>
</main>
`;
