// Jest Snapshot v1, https://goo.gl/fbAQLP

exports[`<NavItem /> full DOM rendering 1`] = `
<MemoryRouter
  initialEntries={
    Array [
      Object {
        "key": "testKey",
        "pathname": "/",
      },
    ]
  }
>
  <Router
    history={
      Object {
        "action": "POP",
        "block": [Function],
        "canGo": [Function],
        "createHref": [Function],
        "entries": Array [
          Object {
            "hash": "",
            "key": "testKey",
            "pathname": "/",
            "search": "",
          },
        ],
        "go": [Function],
        "goBack": [Function],
        "goForward": [Function],
        "index": 0,
        "length": 1,
        "listen": [Function],
        "location": Object {
          "hash": "",
          "key": "testKey",
          "pathname": "/",
          "search": "",
        },
        "push": [Function],
        "replace": [Function],
      }
    }
  >
    <NavItem
      to="/"
    >
      <Link
        className="menu-item nav-item"
        disabled={false}
        to="/"
      >
        <a
          className="menu-item nav-item"
          disabled={false}
          href="/"
          onClick={[Function]}
        >
          Item
        </a>
      </Link>
    </NavItem>
  </Router>
</MemoryRouter>
`;

exports[`<NavItem /> snap shot 1`] = `
<a
  className="menu-item nav-item"
  disabled={false}
  href="/"
  onClick={[Function]}
>
  Item
</a>
`;
