// Jest Snapshot v1, https://goo.gl/fbAQLP

exports[`<AttendancePage /> shoud match existing snapshot 1`] = `
<main
  className="app-content-with-navbar"
>
  <div
    className="sc-VigVT iclQvs"
  >
    <h1>
      <button
        className="sc-bdVaJa sc-bxivhb igplhg"
        color="default"
        id="btn-prev-month"
        onClick={[Function]}
      >
        &lt;
      </button>
      2018
       / 
      1
      <button
        className="sc-bdVaJa sc-bxivhb igplhg"
        color="default"
        id="btn-next-month"
        onClick={[Function]}
      >
        &gt;
      </button>
    </h1>
    <div>
      <div
        className="sc-EHOje gwoyUY"
      >
        <button
          className="sc-bdVaJa sc-bxivhb igplhg"
          color="default"
          id="btn-set-default"
          onClick={[Function]}
        >
          set default
        </button>
        <button
          className="sc-bdVaJa sc-bxivhb igplhg"
          color="default"
          id="btn-save"
          onClick={[Function]}
        >
          Save
        </button>
        <button
          className="sc-bdVaJa sc-bxivhb igplhg"
          color="default"
          id="btn-fetch"
          onClick={[MockFunction]}
        >
          Reload
        </button>
        <button
          className="sc-bdVaJa sc-bxivhb igplhg"
          color="default"
          id="btn-submit"
          onClick={[Function]}
          title="上長申請"
        >
          Submit
        </button>
      </div>
      <div>
        select box
      </div>
      <table
        className="tms-table tms-table--bordered"
      >
        <thead>
          <tr>
            <th>
              日
            </th>
            <th>
              出勤
            </th>
            <th>
              退勤
            </th>
            <th>
              プロジェクト
            </th>
            <th>
              承認
            </th>
          </tr>
        </thead>
        <tbody>
          <tr
            className=""
          >
            <td
              className="sc-kpOJdX kEtjJz"
            >
              01
            </td>
            <td
              className="tms-textfield tms-textfield--table"
            >
              <input
                list="timelist-am"
                onChange={[Function]}
                type="time"
                value="09:00"
              />
            </td>
            <td
              className="tms-textfield tms-textfield--table"
            >
              <input
                list="timelist-pm"
                onChange={[Function]}
                type="time"
                value="17:30"
              />
            </td>
            <td>
              select box
            </td>
            <td>
              承認
            </td>
          </tr>
        </tbody>
      </table>
    </div>
    <datalist
      id="timelist-am"
    >
      <option>
        09:00
      </option>
      <option>
        09:30
      </option>
      <option>
        10:00
      </option>
      <option>
        10:30
      </option>
    </datalist>
    <datalist
      id="timelist-pm"
    >
      <option>
        17:30
      </option>
      <option>
        18:00
      </option>
      <option>
        18:30
      </option>
      <option>
        19:00
      </option>
      <option>
        19:30
      </option>
      <option>
        19:30
      </option>
      <option>
        20:00
      </option>
      <option>
        20:30
      </option>
      <option>
        21:00
      </option>
      <option>
        21:30
      </option>
      <option>
        22:00
      </option>
      <option>
        22:30
      </option>
      <option>
        23:00
      </option>
      <option>
        23:30
      </option>
    </datalist>
  </div>
</main>
`;
